// Vitest Snapshot v1, https://vitest.dev/guide/snapshot.html

exports[`codegen > element 1`] = `
{
  "code": "const { toDisplayString: _toDisplayString,createElementVnode: _createElementVnode } = Vuereturn function render(_ctx,_cache){return _createElementVnode(div, null, "hi,"+_toDisplayString(_ctx.message))}",
}
`;

exports[`codegen > interpolation 1`] = `"const { toDisplayString: _toDisplayString } = Vuereturn function render(_ctx,_cache){return _toDisplayString(_ctx.message)}"`;

exports[`codegen > string 1`] = `"return function render(_ctx,_cache){return "hi"}"`;
